../Core/Src/main.c:78:5:main	136	static
../Core/Src/main.c:170:6:SystemClock_Config	88	static
../Core/Src/main.c:218:13:MX_USART2_UART_Init	8	static
../Core/Src/main.c:251:13:MX_GPIO_Init	48	static
../Core/Src/main.c:294:6:StartDefaultTask	16	static
../Core/Src/main.c:312:6:HighPriority	32	static
../Core/Src/main.c:342:6:NormalPriority	32	static
../Core/Src/main.c:373:6:BelowPriority	24	static
../Core/Src/main.c:399:6:HAL_TIM_PeriodElapsedCallback	16	static
../Core/Src/main.c:416:6:Error_Handler	4	static,ignoring_inline_asm
