../Core/Src/main.c:100:5:main	16	static
../Core/Src/main.c:189:6:SystemClock_Config	88	static
../Core/Src/main.c:237:13:MX_USART2_UART_Init	8	static
../Core/Src/main.c:270:13:MX_GPIO_Init	48	static
../Core/Src/main.c:303:6:HPT_task	88	static
../Core/Src/main.c:326:6:MPT_task	88	static
../Core/Src/main.c:345:6:LPT_task	88	static
../Core/Src/main.c:364:6:VLPT_task	96	static
../Core/Src/main.c:399:6:HAL_TIM_PeriodElapsedCallback	16	static
../Core/Src/main.c:416:6:Error_Handler	4	static,ignoring_inline_asm
